../Core/Src/stm32f4xx_hal_msp.c:65:6:HAL_MspInit	8	static
../Core/Src/stm32f4xx_hal_msp.c:87:6:HAL_SPI_MspInit	40	static
../Core/Src/stm32f4xx_hal_msp.c:124:6:HAL_SPI_MspDeInit	0	static
../Core/Src/stm32f4xx_hal_msp.c:154:6:HAL_TIM_Base_MspInit	16	static
../Core/Src/stm32f4xx_hal_msp.c:173:6:HAL_TIM_MspPostInit	32	static
../Core/Src/stm32f4xx_hal_msp.c:205:6:HAL_TIM_Base_MspDeInit	0	static
../Core/Src/stm32f4xx_hal_msp.c:230:6:HAL_UART_MspInit	72	static
../Core/Src/stm32f4xx_hal_msp.c:328:6:HAL_UART_MspDeInit	8	static
