../Core/Inc/sd_card_lib/sd_funcs.h:14:6:delete_file	8	static
../Core/Inc/sd_card_lib/sd_funcs.h:19:6:write_PoseEstimation	136	static
../Core/Inc/sd_card_lib/sd_funcs.h:46:6:Transmit_UART_PoseEstimation	136	static
../Core/Inc/sd_card_lib/sd_funcs.h:196:7:check_sd	8	static
../Core/Inc/sd_card_lib/sd_funcs.h:207:5:SD_test	16	static
../Core/Src/main.c:81:6:HAL_UART_RxCpltCallback	32	static
../Core/Src/main.c:131:5:main	8344	static
../Core/Src/main.c:216:6:SystemClock_Config	88	static
../Core/Src/main.c:263:13:MX_SPI1_Init	8	static
../Core/Src/main.c:301:13:MX_TIM4_Init	64	static
../Core/Src/main.c:360:13:MX_UART4_Init	8	static
../Core/Src/main.c:393:13:MX_USART1_UART_Init	8	static
../Core/Src/main.c:426:13:MX_USART2_UART_Init	8	static
../Core/Src/main.c:459:13:MX_GPIO_Init	48	static
../Core/Src/main.c:514:6:Error_Handler	4	static,ignoring_inline_asm
