../Core/Inc/sd_card_lib/sd_funcs.h:14:6:delete_file	8	static
../Core/Inc/sd_card_lib/sd_funcs.h:19:6:write_PoseEstimation	192	static
../Core/Inc/sd_card_lib/sd_funcs.h:164:7:check_sd	8	static
../Core/Inc/sd_card_lib/sd_funcs.h:175:5:SD_test	8	static
../Core/Src/main.c:81:6:HAL_UART_RxCpltCallback	32	static
../Core/Src/main.c:131:5:main	8360	static
../Core/Src/main.c:217:6:SystemClock_Config	88	static
../Core/Src/main.c:264:13:MX_SPI1_Init	8	static
../Core/Src/main.c:302:13:MX_TIM4_Init	64	static
../Core/Src/main.c:361:13:MX_UART4_Init	8	static
../Core/Src/main.c:394:13:MX_USART1_UART_Init	8	static
../Core/Src/main.c:427:13:MX_USART2_UART_Init	8	static
../Core/Src/main.c:460:13:MX_GPIO_Init	48	static
../Core/Src/main.c:515:6:Error_Handler	4	static,ignoring_inline_asm
