../Core/Inc/Eigen/src/Core/products/GeneralBlockPanelKernel.h:435:28:void Eigen::internal::gebp_traits<_LhsScalar, _RhsScalar, _ConjLhs, _ConjRhs>::madd(const LhsPacketType&, const RhsPacketType&, AccPacketType&, AccPacketType&) const [with LhsPacketType = double; RhsPacketType = double; AccPacketType = double; _LhsScalar = double; _RhsScalar = double; bool _ConjLhs = false; bool _ConjRhs = false]	24	static
../Core/Inc/Eigen/src/Core/products/GeneralBlockPanelKernel.h:1907:24:void Eigen::internal::gemm_pack_rhs<Scalar, Index, DataMapper, nr, 0, Conjugate, PanelMode>::operator()(Scalar*, const DataMapper&, Index, Index, Index, Index) [with Scalar = double; Index = int; DataMapper = Eigen::internal::const_blas_data_mapper<double, int, 0>; int nr = 4; bool Conjugate = false; bool PanelMode = false]	48	static,ignoring_inline_asm
../Core/Inc/Eigen/src/Core/products/GeneralBlockPanelKernel.h:1811:24:void Eigen::internal::gemm_pack_lhs<Scalar, Index, DataMapper, Pack1, Pack2, 1, Conjugate, PanelMode>::operator()(Scalar*, const DataMapper&, Index, Index, Index, Index) [with Scalar = double; Index = int; DataMapper = Eigen::internal::const_blas_data_mapper<double, int, 1>; int Pack1 = 1; int Pack2 = 1; bool Conjugate = false; bool PanelMode = false]	24	static,ignoring_inline_asm
../Core/Inc/Eigen/src/Core/CommaInitializer.h:117:19:XprType& Eigen::CommaInitializer<MatrixType>::finished() [with XprType = Eigen::Matrix<double, 1, 3>]	8	static
../Core/Inc/Eigen/src/Core/CommaInitializer.h:117:19:XprType& Eigen::CommaInitializer<MatrixType>::finished() [with XprType = Eigen::Block<Eigen::Matrix<double, 240, 1>, 1, 1, false>]	8	static
../Core/Inc/Eigen/src/Core/CommaInitializer.h:117:19:XprType& Eigen::CommaInitializer<MatrixType>::finished() [with XprType = Eigen::Block<Eigen::Matrix<double, 240, 3>, 1, 3, false>]	8	static
../Core/Inc/Eigen/src/Core/CommaInitializer.h:117:19:XprType& Eigen::CommaInitializer<MatrixType>::finished() [with XprType = Eigen::Block<Eigen::Matrix<int, -1, 2>, 1, 2, false>]	8	static
../Core/Inc/Eigen/src/Core/CommaInitializer.h:117:19:XprType& Eigen::CommaInitializer<MatrixType>::finished() [with XprType = Eigen::Matrix<double, 3, 1>]	8	static
../Core/Inc/Eigen/src/Core/CommaInitializer.h:117:19:XprType& Eigen::CommaInitializer<MatrixType>::finished() [with XprType = Eigen::Matrix<double, 3, 3>]	8	static
../Core/Inc/Eigen/src/Core/CommaInitializer.h:61:21:Eigen::CommaInitializer<MatrixType>& Eigen::CommaInitializer<MatrixType>::operator,(const Scalar&) [with XprType = Eigen::Block<Eigen::Matrix<int, -1, 2>, 1, 2, false>]	16	static
../Core/Inc/Eigen/src/Core/util/Memory.h:86:14:void* Eigen::internal::handmade_aligned_malloc(std::size_t)	8	static
../Core/Inc/Eigen/src/Core/util/Memory.h:106:14:void* Eigen::internal::handmade_aligned_realloc(void*, std::size_t, std::size_t)	24	static
../Core/Inc/Eigen/src/Core/util/Memory.h:96:13:void Eigen::internal::handmade_aligned_free(void*)	0	static
../Core/Inc/Eigen/src/Core/CommaInitializer.h:61:21:Eigen::CommaInitializer<MatrixType>& Eigen::CommaInitializer<MatrixType>::operator,(const Scalar&) [with XprType = Eigen::Matrix<double, 3, 3>]	24	static
c:\st\stm32cubeide_1.10.1\stm32cubeide\plugins\com.st.stm32cube.ide.mcu.externaltools.gnu-tools-for-stm32.10.3-2021.10.win32_1.0.200.202301161003\tools\arm-none-eabi\include\c++\10.3.1\cmath:415:5:constexpr typename __gnu_cxx::__promote_2<_Tp, _Up>::__type std::pow(_Tp, _Up) [with _Tp = double; _Up = int]	16	static
../Core/Inc/icp.hpp:116:8:double mod3d2(Eigen::Vector3d)	16	static
../Core/Inc/icp.hpp:112:8:double mod2d(Eigen::Vector2d)	16	static
../Core/Inc/Eigen/src/Core/CommaInitializer.h:61:21:Eigen::CommaInitializer<MatrixType>& Eigen::CommaInitializer<MatrixType>::operator,(const Scalar&) [with XprType = Eigen::Matrix<double, 3, 1>]	24	static
../Core/Inc/Eigen/src/Core/DenseStorage.h:542:23:Eigen::DenseStorage<T, -1, -1, _Cols, _Options>::~DenseStorage() [with T = int; int _Cols = 2; int _Options = 0]	8	static
../Core/Inc/Eigen/src/Core/DenseCoeffsBase.h:362:5:Eigen::DenseCoeffsBase<Derived, 1>::Scalar& Eigen::DenseCoeffsBase<Derived, 1>::operator()(Eigen::Index, Eigen::Index) [with Derived = Eigen::Matrix<double, -1, 2>]	8	static
../Core/Inc/icp.hpp:428:35:Eigen::Matrix<double, -1, 2> setLine(Eigen::Matrix<double, -1, 2>)	32	static
../Core/Inc/icp.hpp:447:35:Eigen::Matrix<double, -1, 2> setCorner(Eigen::Matrix<double, -1, 2>)	40	static
../Core/Inc/Eigen/src/Core/DenseStorage.h:391:23:Eigen::DenseStorage<T, -1, -1, -1, _Options>::~DenseStorage() [with T = double; int _Options = 0]	8	static
../Core/Inc/Eigen/src/Core/DenseCoeffsBase.h:362:5:Eigen::DenseCoeffsBase<Derived, 1>::Scalar& Eigen::DenseCoeffsBase<Derived, 1>::operator()(Eigen::Index, Eigen::Index) [with Derived = Eigen::Matrix<double, -1, -1>]	8	static
../Core/Inc/Eigen/src/Core/DenseStorage.h:542:23:Eigen::DenseStorage<T, -1, -1, _Cols, _Options>::~DenseStorage() [with T = double; int _Cols = 2; int _Options = 0]	8	static
../Core/Inc/Eigen/src/Core/Block.h:329:7:Eigen::internal::BlockImpl_dense<Eigen::Matrix<double, -1, 2>, 1, 2, false, true>::BlockImpl_dense(const Eigen::internal::BlockImpl_dense<Eigen::Matrix<double, -1, 2>, 1, 2, false, true>&)	0	static
../Core/Inc/Eigen/src/Core/Block.h:329:7:Eigen::internal::BlockImpl_dense<Eigen::Matrix<double, 3, 3>, 2, 2, false, true>::BlockImpl_dense(const Eigen::internal::BlockImpl_dense<Eigen::Matrix<double, 3, 3>, 2, 2, false, true>&)	0	static
../Core/Inc/Eigen/src/Core/DenseCoeffsBase.h:362:5:Eigen::DenseCoeffsBase<Derived, 1>::Scalar& Eigen::DenseCoeffsBase<Derived, 1>::operator()(Eigen::Index, Eigen::Index) [with Derived = Eigen::Matrix<int, -1, 2>]	8	static
../Core/Inc/icp.hpp:300:8:double getError(Eigen::Matrix<double, -1, 2>, Eigen::Matrix<double, -1, 2>, Eigen::Matrix<int, -1, 2>)	48	static
../Core/Inc/Eigen/src/Core/CommaInitializer.h:61:21:Eigen::CommaInitializer<MatrixType>& Eigen::CommaInitializer<MatrixType>::operator,(const Scalar&) [with XprType = Eigen::Block<Eigen::Matrix<double, 240, 3>, 1, 3, false>]	24	static
../Core/Inc/Eigen/src/Core/DenseCoeffsBase.h:362:5:Eigen::DenseCoeffsBase<Derived, 1>::Scalar& Eigen::DenseCoeffsBase<Derived, 1>::operator()(Eigen::Index, Eigen::Index) [with Derived = Eigen::Matrix<double, 360, 2>]	8	static
../Core/Inc/Eigen/src/Core/DenseCoeffsBase.h:362:5:Eigen::DenseCoeffsBase<Derived, 1>::Scalar& Eigen::DenseCoeffsBase<Derived, 1>::operator()(Eigen::Index, Eigen::Index) [with Derived = Eigen::Matrix<double, 120, 2>]	8	static
../Core/Inc/Eigen/src/Core/CommaInitializer.h:61:21:Eigen::CommaInitializer<MatrixType>& Eigen::CommaInitializer<MatrixType>::operator,(const Scalar&) [with XprType = Eigen::Matrix<double, 1, 3>]	24	static
../Core/Inc/Eigen/src/Core/Dot.h:35:20:static Eigen::internal::dot_nocheck<T, U, NeedToTranspose>::ResScalar Eigen::internal::dot_nocheck<T, U, NeedToTranspose>::run(const Eigen::MatrixBase<Derived>&, const Eigen::MatrixBase<U>&) [with T = Eigen::Matrix<double, 2, 1>; U = Eigen::Matrix<double, 2, 1>; bool NeedToTranspose = false]	24	static
../Core/Inc/icp.hpp:126:8:double ScalarProj(Eigen::Vector2d, Eigen::Vector2d)	16	static
../Core/Inc/Eigen/src/Core/Block.h:118:12:Eigen::Block<XprType, BlockRows, BlockCols, InnerPanel>::Block(XprType&, Eigen::Index) [with XprType = Eigen::Matrix<int, -1, 2>; int BlockRows = 1; int BlockCols = 2; bool InnerPanel = false]	8	static
../Core/Inc/Eigen/src/Core/Block.h:118:12:Eigen::Block<XprType, BlockRows, BlockCols, InnerPanel>::Block(XprType&, Eigen::Index) [with XprType = Eigen::Matrix<double, -1, 2>; int BlockRows = 1; int BlockCols = 2; bool InnerPanel = false]	8	static
../Core/Inc/Eigen/src/Core/Block.h:118:12:Eigen::Block<XprType, BlockRows, BlockCols, InnerPanel>::Block(XprType&, Eigen::Index) [with XprType = Eigen::Matrix<double, 240, 3>; int BlockRows = 1; int BlockCols = 3; bool InnerPanel = false]	8	static
../Core/Inc/Eigen/src/Core/Block.h:118:12:Eigen::Block<XprType, BlockRows, BlockCols, InnerPanel>::Block(XprType&, Eigen::Index) [with XprType = Eigen::Matrix<double, 240, 1>; int BlockRows = 1; int BlockCols = 1; bool InnerPanel = false]	8	static
../Core/Inc/Eigen/src/Core/DenseStorage.h:194:5:Eigen::DenseStorage<T, Size, _Rows, _Cols, _Options>::DenseStorage(const Eigen::DenseStorage<T, Size, _Rows, _Cols, _Options>&) [with T = double; int Size = 2; int _Rows = 2; int _Cols = 1; int _Options = 0]	8	static
../Core/Inc/Eigen/src/LU/Determinant.h:18:39:const typename Derived::Scalar Eigen::internal::bruteforce_det3_helper(const Eigen::MatrixBase<Derived>&, int, int, int) [with Derived = Eigen::Matrix<double, 3, 3>]	32	static
../Core/Inc/icp.hpp:94:29:Eigen::Matrix<double, 3, 3> getTransformation(double, double, double)	144	static
../Core/Inc/Eigen/src/Core/util/XprHelper.h:110:52:Eigen::internal::variable_if_dynamic<T, Value>::variable_if_dynamic(T) [with T = int; int Value = 1]	8	static
../Core/Inc/Eigen/src/Core/AssignEvaluator.h:780:6:void Eigen::internal::call_assignment(Dst&, const Src&) [with Dst = Eigen::Matrix<double, 120, 2>; Src = Eigen::Matrix<double, -1, 2>]	16	static
../Core/Inc/Eigen/src/Core/DenseStorage.h:107:3:Eigen::internal::plain_array<T, Size, MatrixOrArrayOptions, 16>::plain_array() [with T = double; int Size = 2; int MatrixOrArrayOptions = 0]	8	static
../Core/Inc/icp.hpp:88:17:Eigen::Vector2d PolarToCartesian2D(const Vector2d&)	8	static
../Core/Inc/Eigen/src/Core/Block.h:139:12:Eigen::Block<XprType, BlockRows, BlockCols, InnerPanel>::Block(XprType&, Eigen::Index, Eigen::Index, Eigen::Index, Eigen::Index) [with XprType = Eigen::Matrix<int, -1, 2>; int BlockRows = -1; int BlockCols = -1; bool InnerPanel = false]	24	static
../Core/Inc/Eigen/src/Core/PlainObjectBase.h:279:30:void Eigen::PlainObjectBase<Derived>::resize(Eigen::Index, Eigen::Index) [with Derived = Eigen::Matrix<int, -1, 2>]	16	static
../Core/Inc/Eigen/src/Core/PlainObjectBase.h:532:25:Eigen::PlainObjectBase<Derived>::PlainObjectBase(const Eigen::DenseBase<OtherDerived>&) [with OtherDerived = Eigen::Matrix<int, 120, 2>; Derived = Eigen::Matrix<int, -1, 2>]	16	static
../Core/Inc/Eigen/src/Core/DenseStorage.h:107:3:Eigen::internal::plain_array<T, Size, MatrixOrArrayOptions, 16>::plain_array() [with T = double; int Size = 2; int MatrixOrArrayOptions = 1]	8	static
../Core/Inc/icp.hpp:254:27:Eigen::Matrix<double, 1, 2> CenterOfMass(Eigen::MatrixXd)	40	static
../Core/Inc/Eigen/src/Core/Block.h:139:12:Eigen::Block<XprType, BlockRows, BlockCols, InnerPanel>::Block(XprType&, Eigen::Index, Eigen::Index, Eigen::Index, Eigen::Index) [with XprType = Eigen::Matrix<double, -1, 2>; int BlockRows = -1; int BlockCols = -1; bool InnerPanel = false]	24	static
../Core/Inc/Eigen/src/Core/DenseStorage.h:107:3:Eigen::internal::plain_array<T, Size, MatrixOrArrayOptions, 16>::plain_array() [with T = double; int Size = 720; int MatrixOrArrayOptions = 0]	8	static
../CPP/Source/main.cpp:22:31:Eigen::Matrix<double, 360, 2> scan_to_cartesian(float*, int)	56	static
../Core/Inc/Eigen/src/Core/DenseStorage.h:107:3:Eigen::internal::plain_array<T, Size, MatrixOrArrayOptions, 16>::plain_array() [with T = double; int Size = 240; int MatrixOrArrayOptions = 0]	8	static
../CPP/Source/main.cpp:41:31:Eigen::Matrix<double, 120, 2> drop_points_120(Eigen::Matrix<double, 360, 2>)	48	static
../Core/Inc/Eigen/src/Core/util/Memory.h:369:62:T* Eigen::internal::conditional_aligned_new_auto(std::size_t) [with T = double; bool Align = true]	8	static
../Core/Inc/Eigen/src/Core/PlainObjectBase.h:279:30:void Eigen::PlainObjectBase<Derived>::resize(Eigen::Index, Eigen::Index) [with Derived = Eigen::Matrix<double, -1, -1>]	24	static
../Core/Inc/Eigen/src/Core/PlainObjectBase.h:532:25:Eigen::PlainObjectBase<Derived>::PlainObjectBase(const Eigen::DenseBase<OtherDerived>&) [with OtherDerived = Eigen::Matrix<double, -1, 2>; Derived = Eigen::Matrix<double, -1, -1>]	24	static
../Core/Inc/Eigen/src/Core/PlainObjectBase.h:532:25:Eigen::PlainObjectBase<Derived>::PlainObjectBase(const Eigen::DenseBase<OtherDerived>&) [with OtherDerived = Eigen::Matrix<double, 120, 2>; Derived = Eigen::Matrix<double, -1, -1>]	24	static
../Core/Inc/Eigen/src/Core/DenseStorage.h:508:23:Eigen::DenseStorage<T, -1, -1, _Cols, _Options>::DenseStorage(const Eigen::DenseStorage<T, -1, -1, _Cols, _Options>&) [with T = double; int _Cols = 2; int _Options = 0]	16	static
../Core/Inc/Eigen/src/Core/Block.h:329:7:Eigen::internal::BlockImpl_dense<Eigen::Block<Eigen::Matrix<double, 3, 3>, 3, 1, true>, -1, 1, false, true>::BlockImpl_dense(const Eigen::internal::BlockImpl_dense<Eigen::Block<Eigen::Matrix<double, 3, 3>, 3, 1, true>, -1, 1, false, true>&)	0	static
../Core/Inc/Eigen/src/Core/PlainObjectBase.h:279:30:void Eigen::PlainObjectBase<Derived>::resize(Eigen::Index, Eigen::Index) [with Derived = Eigen::Matrix<double, -1, 2>]	16	static
../Core/Inc/Eigen/src/Core/PlainObjectBase.h:532:25:Eigen::PlainObjectBase<Derived>::PlainObjectBase(const Eigen::DenseBase<OtherDerived>&) [with OtherDerived = Eigen::Matrix<double, 120, 2>; Derived = Eigen::Matrix<double, -1, 2>]	24	static
../Core/Inc/Eigen/src/Core/util/XprHelper.h:110:52:Eigen::internal::variable_if_dynamic<T, Value>::variable_if_dynamic(T) [with T = int; int Value = 0]	8	static
../Core/Inc/Eigen/src/Core/Block.h:118:12:Eigen::Block<XprType, BlockRows, BlockCols, InnerPanel>::Block(XprType&, Eigen::Index) [with XprType = Eigen::Matrix<double, 3, 3>; int BlockRows = 3; int BlockCols = 1; bool InnerPanel = true]	8	static
../Core/Inc/Eigen/src/Core/VectorBlock.h:75:12:Eigen::VectorBlock<MatrixType, Size>::VectorBlock(VectorType&, Eigen::Index, Eigen::Index) [with VectorType = Eigen::Block<Eigen::Matrix<double, 3, 3>, 3, 1, true>; int Size = -1]	8	static
../Core/Inc/Eigen/src/Core/Block.h:118:12:Eigen::Block<XprType, BlockRows, BlockCols, InnerPanel>::Block(XprType&, Eigen::Index) [with XprType = Eigen::Matrix<double, 3, 3>; int BlockRows = 1; int BlockCols = 3; bool InnerPanel = false]	8	static
../Core/Inc/Eigen/src/Core/VectorBlock.h:75:12:Eigen::VectorBlock<MatrixType, Size>::VectorBlock(VectorType&, Eigen::Index, Eigen::Index) [with VectorType = Eigen::Block<Eigen::Matrix<double, 3, 3>, 1, 3, false>; int Size = -1]	16	static
c:\st\stm32cubeide_1.10.1\stm32cubeide\plugins\com.st.stm32cube.ide.mcu.externaltools.gnu-tools-for-stm32.10.3-2021.10.win32_1.0.200.202301161003\tools\arm-none-eabi\include\c++\10.3.1\bits\move.h:189:5:std::_Require<std::__not_<std::__is_tuple_like<_Tp> >, std::is_move_constructible<_Tp>, std::is_move_assignable<_Tp> > std::swap(_Tp&, _Tp&) [with _Tp = double]	12	static
../Core/Inc/Eigen/src/Core/DenseBase.h:426:10:void Eigen::DenseBase<Derived>::swap(Eigen::PlainObjectBase<OtherDerived>&) [with OtherDerived = Eigen::Matrix<double, 360, 2>; Derived = Eigen::Matrix<double, 360, 2>]	16	static
../Core/Inc/Eigen/src/Core/DenseBase.h:426:10:void Eigen::DenseBase<Derived>::swap(Eigen::PlainObjectBase<OtherDerived>&) [with OtherDerived = Eigen::Matrix<double, 120, 2>; Derived = Eigen::Matrix<double, 120, 2>]	16	static
../Core/Inc/Eigen/src/Core/DenseBase.h:426:10:void Eigen::DenseBase<Derived>::swap(Eigen::PlainObjectBase<OtherDerived>&) [with OtherDerived = Eigen::Matrix<double, 1, 2>; Derived = Eigen::Matrix<double, 1, 2>]	16	static
../Core/Inc/Eigen/src/Core/Block.h:329:7:Eigen::internal::BlockImpl_dense<Eigen::Matrix<double, 3, 1>, -1, 1, false, true>::BlockImpl_dense(const Eigen::internal::BlockImpl_dense<Eigen::Matrix<double, 3, 1>, -1, 1, false, true>&)	0	static
../Core/Inc/Eigen/src/Core/Block.h:329:7:Eigen::internal::BlockImpl_dense<Eigen::Matrix<double, 3, 3>, 1, -1, false, true>::BlockImpl_dense(const Eigen::internal::BlockImpl_dense<Eigen::Matrix<double, 3, 3>, 1, -1, false, true>&)	0	static
../Core/Inc/Eigen/src/Core/AssignEvaluator.h:725:44:void Eigen::internal::call_dense_assignment_loop(DstXprType&, const SrcXprType&, const Functor&) [with DstXprType = Eigen::Matrix<double, -1, -1>; SrcXprType = Eigen::Matrix<double, 2, 1>; Functor = Eigen::internal::assign_op<double, double>]	16	static
../Core/Inc/icp.hpp:246:17:Eigen::MatrixXd DisposeOutOfRange(const MatrixXd&, const MatrixXd&)	48	static
../Core/Inc/Eigen/src/Core/util/XprHelper.h:110:52:Eigen::internal::variable_if_dynamic<T, Value>::variable_if_dynamic(T) [with T = int; int Value = 3]	8	static
../Core/Inc/Eigen/src/Core/DenseBase.h:480:21:Eigen::DenseBase<Derived>::CoeffReturnType Eigen::DenseBase<Derived>::value() const [with Derived = Eigen::Product<Eigen::Block<Eigen::Matrix<double, 3, 3>, 1, -1, false>, Eigen::Block<Eigen::Matrix<double, 3, 1>, -1, 1, false>, 0>]	168	static
../Core/Inc/Eigen/src/Core/VectorBlock.h:75:12:Eigen::VectorBlock<MatrixType, Size>::VectorBlock(VectorType&, Eigen::Index, Eigen::Index) [with VectorType = Eigen::Diagonal<Eigen::Matrix<double, 3, 3>, 0>; int Size = -1]	8	static
../Core/Inc/Eigen/src/Core/VectorBlock.h:75:12:Eigen::VectorBlock<MatrixType, Size>::VectorBlock(VectorType&, Eigen::Index, Eigen::Index) [with VectorType = Eigen::Matrix<double, 3, 1>; int Size = -1]	16	static
../Core/Inc/Eigen/src/Core/AssignEvaluator.h:725:44:void Eigen::internal::call_dense_assignment_loop(DstXprType&, const SrcXprType&, const Functor&) [with DstXprType = Eigen::Matrix<int, 120, 2>; SrcXprType = Eigen::Matrix<int, -1, 2>; Functor = Eigen::internal::assign_op<int, int>]	8	static
../Core/Inc/Eigen/src/Core/DenseCoeffsBase.h:178:5:Eigen::DenseCoeffsBase<Derived, 0>::CoeffReturnType Eigen::DenseCoeffsBase<Derived, 0>::operator()(Eigen::Index) const [with Derived = Eigen::Diagonal<const Eigen::Matrix<double, 3, 3>, 0>]	8	static
../Core/Inc/Eigen/src/Core/AssignEvaluator.h:635:46:void Eigen::internal::generic_dense_assignment_kernel<DstEvaluatorTypeT, SrcEvaluatorTypeT, Functor, Version>::assignCoeff(Eigen::Index) [with DstEvaluatorTypeT = Eigen::internal::evaluator<Eigen::Matrix<double, 1, 3> >; SrcEvaluatorTypeT = Eigen::internal::evaluator<Eigen::Matrix<double, 1, 3> >; Functor = Eigen::internal::add_assign_op<double, double>; int Version = 0]	8	static
../Core/Inc/Eigen/src/Core/AssignEvaluator.h:725:44:void Eigen::internal::call_dense_assignment_loop(DstXprType&, const SrcXprType&, const Functor&) [with DstXprType = Eigen::Matrix<double, 1, 3>; SrcXprType = Eigen::Matrix<double, 1, 3>; Functor = Eigen::internal::add_assign_op<double, double>]	40	static
../Core/Inc/Eigen/src/Core/AssignEvaluator.h:635:46:void Eigen::internal::generic_dense_assignment_kernel<DstEvaluatorTypeT, SrcEvaluatorTypeT, Functor, Version>::assignCoeff(Eigen::Index) [with DstEvaluatorTypeT = Eigen::internal::evaluator<Eigen::Matrix<double, 2, 1> >; SrcEvaluatorTypeT = Eigen::internal::evaluator<Eigen::CwiseBinaryOp<Eigen::internal::scalar_quotient_op<double, double>, const Eigen::Matrix<double, 2, 1>, const Eigen::CwiseNullaryOp<Eigen::internal::scalar_constant_op<double>, const Eigen::Matrix<double, 2, 1> > > >; Functor = Eigen::internal::assign_op<double, double>; int Version = 0]	8	static
../Core/Inc/icp.hpp:121:17:Eigen::Vector2d UnitVec(Eigen::Vector2d)	88	static
../Core/Inc/Eigen/src/Core/AssignEvaluator.h:635:46:void Eigen::internal::generic_dense_assignment_kernel<DstEvaluatorTypeT, SrcEvaluatorTypeT, Functor, Version>::assignCoeff(Eigen::Index) [with DstEvaluatorTypeT = Eigen::internal::evaluator<Eigen::Matrix<double, 2, 1> >; SrcEvaluatorTypeT = Eigen::internal::evaluator<Eigen::CwiseBinaryOp<Eigen::internal::scalar_difference_op<double, double>, const Eigen::Matrix<double, 2, 1>, const Eigen::Matrix<double, 2, 1> > >; Functor = Eigen::internal::assign_op<double, double>; int Version = 0]	8	static
../Core/Inc/Eigen/src/Core/AssignEvaluator.h:725:44:void Eigen::internal::call_dense_assignment_loop(DstXprType&, const SrcXprType&, const Functor&) [with DstXprType = Eigen::Matrix<double, 2, 1>; SrcXprType = Eigen::CwiseBinaryOp<Eigen::internal::scalar_difference_op<double, double>, const Eigen::Matrix<double, 2, 1>, const Eigen::Matrix<double, 2, 1> >; Functor = Eigen::internal::assign_op<double, double>]	56	static
../Core/Inc/Eigen/src/Core/PlainObjectBase.h:532:25:Eigen::PlainObjectBase<Derived>::PlainObjectBase(const Eigen::DenseBase<OtherDerived>&) [with OtherDerived = Eigen::CwiseBinaryOp<Eigen::internal::scalar_difference_op<double, double>, const Eigen::Matrix<double, 2, 1>, const Eigen::Matrix<double, 2, 1> >; Derived = Eigen::Matrix<double, 2, 1>]	24	static
../Core/Inc/icp.hpp:204:8:double DistancePtP(Eigen::Vector2d, Eigen::Vector2d)	48	static
../Core/Inc/icp.hpp:209:32:Eigen::Matrix<int, -1, 2> FindCorrenpondences_PtP(Eigen::Matrix<double, -1, 2>, Eigen::Matrix<double, -1, 2>)	1104	static
../Core/Inc/Eigen/src/Core/CoreEvaluators.h:821:30:Eigen::internal::mapbase_evaluator<Derived, PlainObjectType>::mapbase_evaluator(const XprType&) [with Derived = Eigen::Block<Eigen::Matrix<double, -1, 2>, 1, 2, false>; PlainObjectType = Eigen::Matrix<double, 1, 2>]	8	static
../Core/Inc/Eigen/src/Core/AssignEvaluator.h:635:46:void Eigen::internal::generic_dense_assignment_kernel<DstEvaluatorTypeT, SrcEvaluatorTypeT, Functor, Version>::assignCoeff(Eigen::Index) [with DstEvaluatorTypeT = Eigen::internal::evaluator<Eigen::Block<Eigen::Matrix<double, -1, 2>, 1, 2, false> >; SrcEvaluatorTypeT = Eigen::internal::evaluator<Eigen::Transpose<Eigen::Matrix<double, -1, -1> > >; Functor = Eigen::internal::assign_op<double, double>; int Version = 0]	12	static
../Core/Inc/Eigen/src/Core/AssignEvaluator.h:635:46:void Eigen::internal::generic_dense_assignment_kernel<DstEvaluatorTypeT, SrcEvaluatorTypeT, Functor, Version>::assignCoeff(Eigen::Index) [with DstEvaluatorTypeT = Eigen::internal::evaluator<Eigen::Transpose<Eigen::Matrix<double, 2, 1> > >; SrcEvaluatorTypeT = Eigen::internal::evaluator<Eigen::CwiseBinaryOp<Eigen::internal::scalar_difference_op<double, double>, const Eigen::Block<Eigen::Matrix<double, -1, 2>, 1, 2, false>, const Eigen::Block<Eigen::Matrix<double, -1, 2>, 1, 2, false> > >; Functor = Eigen::internal::assign_op<double, double>; int Version = 0]	8	static
../Core/Inc/Eigen/src/Core/PlainObjectBase.h:532:25:Eigen::PlainObjectBase<Derived>::PlainObjectBase(const Eigen::DenseBase<OtherDerived>&) [with OtherDerived = Eigen::CwiseBinaryOp<Eigen::internal::scalar_difference_op<double, double>, const Eigen::Block<Eigen::Matrix<double, -1, 2>, 1, 2, false>, const Eigen::Block<Eigen::Matrix<double, -1, 2>, 1, 2, false> >; Derived = Eigen::Matrix<double, 2, 1>]	80	static
../Core/Inc/Eigen/src/Core/AssignEvaluator.h:635:46:void Eigen::internal::generic_dense_assignment_kernel<DstEvaluatorTypeT, SrcEvaluatorTypeT, Functor, Version>::assignCoeff(Eigen::Index) [with DstEvaluatorTypeT = Eigen::internal::evaluator<Eigen::Block<Eigen::Matrix<double, 1, 3>, 1, 2, false> >; SrcEvaluatorTypeT = Eigen::internal::evaluator<Eigen::Matrix<double, 1, 2> >; Functor = Eigen::internal::assign_op<double, double>; int Version = 0]	12	static
../Core/Inc/Eigen/src/Core/AssignEvaluator.h:780:6:void Eigen::internal::call_assignment(Dst&, const Src&) [with Dst = Eigen::Block<Eigen::Matrix<double, 1, 3>, 1, 2, false>; Src = Eigen::Matrix<double, 1, 2>]	48	static
../Core/Inc/Eigen/src/Core/Block.h:118:12:Eigen::Block<XprType, BlockRows, BlockCols, InnerPanel>::Block(XprType&, Eigen::Index) [with XprType = Eigen::Transpose<Eigen::Matrix<double, 1, 3> >; int BlockRows = 1; int BlockCols = 1; bool InnerPanel = false]	16	static
../Core/Inc/Eigen/src/Core/AssignEvaluator.h:635:46:void Eigen::internal::generic_dense_assignment_kernel<DstEvaluatorTypeT, SrcEvaluatorTypeT, Functor, Version>::assignCoeff(Eigen::Index) [with DstEvaluatorTypeT = Eigen::internal::evaluator<Eigen::Block<Eigen::Matrix<double, 1, 3>, 1, 2, false> >; SrcEvaluatorTypeT = Eigen::internal::evaluator<Eigen::CwiseBinaryOp<Eigen::internal::scalar_difference_op<double, double>, const Eigen::Matrix<double, 1, 2>, const Eigen::Matrix<double, 1, 2> > >; Functor = Eigen::internal::assign_op<double, double>; int Version = 0]	8	static
../Core/Inc/Eigen/src/Core/AssignEvaluator.h:780:6:void Eigen::internal::call_assignment(Dst&, const Src&) [with Dst = Eigen::Block<Eigen::Matrix<double, 1, 3>, 1, 2, false>; Src = Eigen::CwiseBinaryOp<Eigen::internal::scalar_difference_op<double, double>, const Eigen::Matrix<double, 1, 2>, const Eigen::Matrix<double, 1, 2> >]	56	static
../Core/Inc/Eigen/src/Core/AssignEvaluator.h:635:46:void Eigen::internal::generic_dense_assignment_kernel<DstEvaluatorTypeT, SrcEvaluatorTypeT, Functor, Version>::assignCoeff(Eigen::Index) [with DstEvaluatorTypeT = Eigen::internal::evaluator<Eigen::Matrix<double, 2, 1> >; SrcEvaluatorTypeT = Eigen::internal::evaluator<Eigen::CwiseBinaryOp<Eigen::internal::scalar_product_op<double, double>, const Eigen::Matrix<double, 2, 1>, const Eigen::CwiseNullaryOp<Eigen::internal::scalar_constant_op<double>, const Eigen::Matrix<double, 2, 1> > > >; Functor = Eigen::internal::assign_op<double, double>; int Version = 0]	8	static
../Core/Inc/icp.hpp:131:17:Eigen::Vector2d Proj_V_in_U(Eigen::Vector2d, Eigen::Vector2d)	168	static
../Core/Inc/icp.hpp:137:8:double DistancePointToLineSegment2D_(Eigen::Vector2d, Eigen::Vector2d, Eigen::Vector2d)	184	static
../Core/Inc/Eigen/src/Core/AssignEvaluator.h:635:46:void Eigen::internal::generic_dense_assignment_kernel<DstEvaluatorTypeT, SrcEvaluatorTypeT, Functor, Version>::assignCoeff(Eigen::Index) [with DstEvaluatorTypeT = Eigen::internal::evaluator<Eigen::Transpose<Eigen::Matrix<double, 2, 1> > >; SrcEvaluatorTypeT = Eigen::internal::evaluator<Eigen::Block<Eigen::Matrix<double, -1, 2>, 1, 2, false> >; Functor = Eigen::internal::assign_op<double, double>; int Version = 0]	12	static
../Core/Inc/Eigen/src/Core/AssignEvaluator.h:635:46:void Eigen::internal::generic_dense_assignment_kernel<DstEvaluatorTypeT, SrcEvaluatorTypeT, Functor, Version>::assignCoeff(Eigen::Index) [with DstEvaluatorTypeT = Eigen::internal::evaluator<Eigen::Matrix<double, 1, 2> >; SrcEvaluatorTypeT = Eigen::internal::evaluator<Eigen::CwiseBinaryOp<Eigen::internal::scalar_difference_op<double, double>, const Eigen::Matrix<double, 1, 2>, const Eigen::Matrix<double, 1, 2> > >; Functor = Eigen::internal::assign_op<double, double>; int Version = 0]	8	static
../Core/Inc/Eigen/src/Core/AssignEvaluator.h:725:44:void Eigen::internal::call_dense_assignment_loop(DstXprType&, const SrcXprType&, const Functor&) [with DstXprType = Eigen::Block<Eigen::Matrix<double, 3, 1>, -1, 1, false>; SrcXprType = Eigen::Product<Eigen::DiagonalWrapper<const Eigen::Block<Eigen::Diagonal<Eigen::Matrix<double, 3, 3>, 0>, -1, 1, false> >, Eigen::Transpose<const Eigen::Block<Eigen::Matrix<double, 3, 3>, 1, -1, false> >, 1>; Functor = Eigen::internal::assign_op<double, double>]	64	static
../Core/Inc/Eigen/src/Core/AssignEvaluator.h:635:46:void Eigen::internal::generic_dense_assignment_kernel<DstEvaluatorTypeT, SrcEvaluatorTypeT, Functor, Version>::assignCoeff(Eigen::Index) [with DstEvaluatorTypeT = Eigen::internal::evaluator<Eigen::Transpose<Eigen::Matrix<double, 1, 2> > >; SrcEvaluatorTypeT = Eigen::internal::evaluator<Eigen::Matrix<double, 2, 1> >; Functor = Eigen::internal::assign_op<double, double>; int Version = 0]	12	static
../Core/Inc/Eigen/src/Core/AssignEvaluator.h:635:46:void Eigen::internal::generic_dense_assignment_kernel<DstEvaluatorTypeT, SrcEvaluatorTypeT, Functor, Version>::assignCoeff(Eigen::Index) [with DstEvaluatorTypeT = Eigen::internal::evaluator<Eigen::Matrix<double, 3, 1> >; SrcEvaluatorTypeT = Eigen::internal::evaluator<Eigen::Matrix<double, 3, 1> >; Functor = Eigen::internal::swap_assign_op<double>; int Version = 1]	8	static
../Core/Inc/icp.hpp:153:8:double DistancePointToLineSegment2D(Eigen::Vector2d&, Eigen::Vector2d&, Eigen::Vector2d&)	272	static
../Core/Inc/Eigen/src/Core/AssignEvaluator.h:635:46:void Eigen::internal::generic_dense_assignment_kernel<DstEvaluatorTypeT, SrcEvaluatorTypeT, Functor, Version>::assignCoeff(Eigen::Index) [with DstEvaluatorTypeT = Eigen::internal::evaluator<Eigen::Matrix<double, 3, 3> >; SrcEvaluatorTypeT = Eigen::internal::evaluator<Eigen::Matrix<double, 3, 3> >; Functor = Eigen::internal::swap_assign_op<double>; int Version = 1]	8	static
../Core/Inc/Eigen/src/Core/DenseBase.h:426:10:void Eigen::DenseBase<Derived>::swap(Eigen::PlainObjectBase<OtherDerived>&) [with OtherDerived = Eigen::Matrix<double, 3, 3>; Derived = Eigen::Matrix<double, 3, 3>]	48	static
../Core/Inc/Eigen/src/Core/AssignEvaluator.h:635:46:void Eigen::internal::generic_dense_assignment_kernel<DstEvaluatorTypeT, SrcEvaluatorTypeT, Functor, Version>::assignCoeff(Eigen::Index) [with DstEvaluatorTypeT = Eigen::internal::evaluator<Eigen::Matrix<double, 1, 3> >; SrcEvaluatorTypeT = Eigen::internal::evaluator<Eigen::Matrix<double, 1, 3> >; Functor = Eigen::internal::swap_assign_op<double>; int Version = 1]	8	static
../Core/Inc/Eigen/src/Core/AssignEvaluator.h:725:44:void Eigen::internal::call_dense_assignment_loop(DstXprType&, const SrcXprType&, const Functor&) [with DstXprType = Eigen::Matrix<double, 1, 3>; SrcXprType = Eigen::Matrix<double, 1, 3>; Functor = Eigen::internal::swap_assign_op<double>]	40	static
../Core/Inc/Eigen/src/Core/AssignEvaluator.h:725:44:void Eigen::internal::call_dense_assignment_loop(DstXprType&, const SrcXprType&, const Functor&) [with DstXprType = Eigen::Block<Eigen::Matrix<int, -1, 2>, -1, -1, false>; SrcXprType = Eigen::Block<Eigen::Matrix<int, -1, 2>, -1, -1, false>; Functor = Eigen::internal::assign_op<int, int>]	32	static
../Core/Inc/Eigen/src/Core/PlainObjectBase.h:924:15:static void Eigen::internal::conservative_resize_like_impl<Derived, OtherDerived, IsVector>::run(Eigen::DenseBase<Derived>&, Eigen::Index, Eigen::Index) [with Derived = Eigen::Matrix<int, -1, 2>; OtherDerived = Eigen::Matrix<int, -1, 2>; bool IsVector = false]	104	static
../Core/Inc/icp.hpp:169:32:Eigen::Matrix<int, -1, 2> FindCorrenpondences(Eigen::Matrix<double, -1, 2>, Eigen::Matrix<double, -1, 2>)	232	static
../Core/Inc/icp.hpp:312:32:Eigen::Matrix<int, -1, 2> FilterCorr(Eigen::Matrix<double, -1, 2>, Eigen::Matrix<double, -1, 2>, Eigen::Matrix<int, -1, 2>)	240	static
../Core/Inc/Eigen/src/Core/AssignEvaluator.h:725:44:void Eigen::internal::call_dense_assignment_loop(DstXprType&, const SrcXprType&, const Functor&) [with DstXprType = Eigen::Block<Eigen::Matrix<double, -1, 2>, -1, -1, false>; SrcXprType = Eigen::Block<Eigen::Matrix<double, -1, 2>, -1, -1, false>; Functor = Eigen::internal::assign_op<double, double>]	40	static
../Core/Inc/Eigen/src/Core/AssignEvaluator.h:635:46:void Eigen::internal::generic_dense_assignment_kernel<DstEvaluatorTypeT, SrcEvaluatorTypeT, Functor, Version>::assignCoeff(Eigen::Index) [with DstEvaluatorTypeT = Eigen::internal::evaluator<Eigen::Matrix<double, 1, 3> >; SrcEvaluatorTypeT = Eigen::internal::evaluator<Eigen::CwiseNullaryOp<Eigen::internal::scalar_constant_op<double>, Eigen::Matrix<double, 1, 3> > >; Functor = Eigen::internal::assign_op<double, double>; int Version = 0]	12	static
../Core/Inc/Eigen/src/Core/CwiseNullaryOp.h:499:48:Derived& Eigen::DenseBase<Derived>::setZero() [with Derived = Eigen::Matrix<double, 1, 3>]	56	static
../Core/Inc/Eigen/src/Core/CoreEvaluators.h:821:30:Eigen::internal::mapbase_evaluator<Derived, PlainObjectType>::mapbase_evaluator(const XprType&) [with Derived = Eigen::Block<Eigen::Block<Eigen::Matrix<double, 3, 3>, 3, 1, true>, -1, 1, false>; PlainObjectType = Eigen::Matrix<double, -1, 1, 0, 3, 1>]	8	static
../Core/Inc/Eigen/src/Cholesky/LDLT.h:294:15:static bool Eigen::internal::ldlt_inplace<1>::unblocked(MatrixType&, TranspositionType&, Workspace&, Eigen::internal::SignMatrix&) [with MatrixType = Eigen::Matrix<double, 3, 3>; TranspositionType = Eigen::Transpositions<3, 3, int>; Workspace = Eigen::Matrix<double, 3, 1>]	672	static
../Core/Inc/Eigen/src/Core/Block.h:329:7:Eigen::internal::BlockImpl_dense<const Eigen::Matrix<double, 3, 3>, 1, 3, false, true>::BlockImpl_dense(const Eigen::internal::BlockImpl_dense<const Eigen::Matrix<double, 3, 3>, 1, 3, false, true>&)	0	static
../Core/Inc/Eigen/src/Core/Block.h:329:7:Eigen::internal::BlockImpl_dense<const Eigen::Transpose<const Eigen::Matrix<double, 3, 3> >, 1, 3, true, true>::BlockImpl_dense(const Eigen::internal::BlockImpl_dense<const Eigen::Transpose<const Eigen::Matrix<double, 3, 3> >, 1, 3, true, true>&)	0	static
../Core/Inc/Eigen/src/Core/AssignEvaluator.h:635:46:void Eigen::internal::generic_dense_assignment_kernel<DstEvaluatorTypeT, SrcEvaluatorTypeT, Functor, Version>::assignCoeff(Eigen::Index) [with DstEvaluatorTypeT = Eigen::internal::evaluator<Eigen::Matrix<double, 3, 3> >; SrcEvaluatorTypeT = Eigen::internal::evaluator<Eigen::Matrix<double, 3, 3> >; Functor = Eigen::internal::assign_op<double, double>; int Version = 0]	12	static
../Core/Inc/Eigen/src/Core/SolveTriangular.h:121:15:static void Eigen::internal::triangular_solver_unroller<Lhs, Rhs, Mode, LoopIndex, Size, false>::run(const Lhs&, Rhs&) [with Lhs = const Eigen::Matrix<double, 3, 3>; Rhs = Eigen::Transpose<Eigen::Matrix<double, 1, 3> >; int Mode = 5; int LoopIndex = 2; int Size = 3]	264	static
../Core/Inc/Eigen/src/Core/SolveTriangular.h:121:15:static void Eigen::internal::triangular_solver_unroller<Lhs, Rhs, Mode, LoopIndex, Size, false>::run(const Lhs&, Rhs&) [with Lhs = const Eigen::Transpose<const Eigen::Matrix<double, 3, 3> >; Rhs = Eigen::Transpose<Eigen::Matrix<double, 1, 3> >; int Mode = 6; int LoopIndex = 2; int Size = 3]	264	static
../Core/Inc/Eigen/src/Core/CoreEvaluators.h:821:30:Eigen::internal::mapbase_evaluator<Derived, PlainObjectType>::mapbase_evaluator(const XprType&) [with Derived = Eigen::Block<Eigen::Transpose<Eigen::Matrix<double, 1, 3> >, 1, 1, false>; PlainObjectType = Eigen::Matrix<double, 1, 1, 0, 1, 1>]	8	static
../Core/Inc/Eigen/src/Core/SolveTriangular.h:121:15:static void Eigen::internal::triangular_solver_unroller<Lhs, Rhs, Mode, LoopIndex, Size, false>::run(const Lhs&, Rhs&) [with Lhs = const Eigen::Matrix<double, 3, 3>; Rhs = Eigen::Transpose<Eigen::Matrix<double, 1, 3> >; int Mode = 5; int LoopIndex = 1; int Size = 3]	264	static
../Core/Inc/Eigen/src/Core/SolveTriangular.h:121:15:static void Eigen::internal::triangular_solver_unroller<Lhs, Rhs, Mode, LoopIndex, Size, false>::run(const Lhs&, Rhs&) [with Lhs = const Eigen::Transpose<const Eigen::Matrix<double, 3, 3> >; Rhs = Eigen::Transpose<Eigen::Matrix<double, 1, 3> >; int Mode = 6; int LoopIndex = 1; int Size = 3]	272	static
../Core/Inc/Eigen/src/Core/AssignEvaluator.h:635:46:void Eigen::internal::generic_dense_assignment_kernel<DstEvaluatorTypeT, SrcEvaluatorTypeT, Functor, Version>::assignCoeff(Eigen::Index) [with DstEvaluatorTypeT = Eigen::internal::evaluator<Eigen::Matrix<double, 2, 1> >; SrcEvaluatorTypeT = Eigen::internal::evaluator<Eigen::Transpose<Eigen::Matrix<double, 1, 2> > >; Functor = Eigen::internal::assign_op<double, double>; int Version = 0]	12	static
../Core/Inc/Eigen/src/Core/AssignEvaluator.h:725:44:void Eigen::internal::call_dense_assignment_loop(DstXprType&, const SrcXprType&, const Functor&) [with DstXprType = Eigen::Block<Eigen::Transpose<Eigen::Matrix<double, 1, 3> >, 1, 1, false>; SrcXprType = Eigen::Block<Eigen::Transpose<Eigen::Matrix<double, 1, 3> >, 1, 1, false>; Functor = Eigen::internal::swap_assign_op<double>]	24	static
../Core/Inc/Eigen/src/Core/AssignEvaluator.h:635:46:void Eigen::internal::generic_dense_assignment_kernel<DstEvaluatorTypeT, SrcEvaluatorTypeT, Functor, Version>::assignCoeff(Eigen::Index) [with DstEvaluatorTypeT = Eigen::internal::evaluator<Eigen::Transpose<Eigen::Matrix<double, 1, 3> > >; SrcEvaluatorTypeT = Eigen::internal::evaluator<Eigen::Transpose<Eigen::Matrix<double, 1, 3> > >; Functor = Eigen::internal::assign_op<double, double>; int Version = 0]	12	static
../Core/Inc/Eigen/src/Core/GenericPacketMath.h:256:13:void Eigen::internal::pbroadcast4(const typename Eigen::internal::unpacket_traits<Packet>::type*, Packet&, Packet&, Packet&, Packet&) [with Packet = double]	12	static
../Core/Inc/Eigen/src/Core/products/GeneralBlockPanelKernel.h:892:6:void Eigen::internal::gebp_kernel<LhsScalar, RhsScalar, Index, DataMapper, mr, nr, ConjugateLhs, ConjugateRhs>::operator()(const DataMapper&, const LhsScalar*, const RhsScalar*, Index, Index, Index, Eigen::internal::gebp_kernel<LhsScalar, RhsScalar, Index, DataMapper, mr, nr, ConjugateLhs, ConjugateRhs>::ResScalar, Index, Index, Index, Index) [with LhsScalar = double; RhsScalar = double; Index = int; DataMapper = Eigen::internal::blas_data_mapper<double, int, 0, 0>; int mr = 1; int nr = 4; bool ConjugateLhs = false; bool ConjugateRhs = false]	192	static,ignoring_inline_asm
../Core/Inc/Eigen/src/Core/products/GeneralMatrixMatrix.h:59:13:static void Eigen::internal::general_matrix_matrix_product<Index, LhsScalar, LhsStorageOrder, ConjugateLhs, RhsScalar, RhsStorageOrder, ConjugateRhs, 0>::run(Index, Index, Index, const LhsScalar*, Index, const RhsScalar*, Index, Eigen::internal::general_matrix_matrix_product<Index, LhsScalar, LhsStorageOrder, ConjugateLhs, RhsScalar, RhsStorageOrder, ConjugateRhs, 0>::ResScalar*, Index, Eigen::internal::general_matrix_matrix_product<Index, LhsScalar, LhsStorageOrder, ConjugateLhs, RhsScalar, RhsStorageOrder, ConjugateRhs, 0>::ResScalar, Eigen::internal::level3_blocking<LhsScalar, RhsScalar>&, Eigen::internal::GemmParallelInfo<Index>*) [with Index = int; LhsScalar = double; int LhsStorageOrder = 1; bool ConjugateLhs = false; RhsScalar = double; int RhsStorageOrder = 0; bool ConjugateRhs = false]	184	dynamic
../Core/Inc/Eigen/src/Core/products/GeneralMatrixMatrix.h:458:15:static void Eigen::internal::generic_product_impl<Lhs, Rhs, Eigen::DenseShape, Eigen::DenseShape, 8>::scaleAndAddTo(Dest&, const Lhs&, const Rhs&, const Scalar&) [with Dest = Eigen::Matrix<double, 3, 3>; Lhs = Eigen::Transpose<Eigen::Matrix<double, 240, 3> >; Rhs = Eigen::Matrix<double, 240, 3>]	11624	static
../Core/Inc/Eigen/src/Core/Block.h:329:7:Eigen::internal::BlockImpl_dense<const Eigen::Block<Eigen::Matrix<double, 3, 3>, 2, 2, false>, 1, 2, false, true>::BlockImpl_dense(const Eigen::internal::BlockImpl_dense<const Eigen::Block<Eigen::Matrix<double, 3, 3>, 2, 2, false>, 1, 2, false, true>&)	16	static
../Core/Inc/Eigen/src/Core/Block.h:118:12:Eigen::Block<XprType, BlockRows, BlockCols, InnerPanel>::Block(XprType&, Eigen::Index) [with XprType = const Eigen::Block<Eigen::Matrix<double, 3, 3>, 2, 2, false>; int BlockRows = 1; int BlockCols = 2; bool InnerPanel = false]	16	static
../Core/Inc/Eigen/src/Core/ProductEvaluators.h:559:43:const CoeffReturnType Eigen::internal::product_evaluator<Eigen::Product<Lhs, Rhs, 1>, ProductTag, Eigen::DenseShape, Eigen::DenseShape>::coeff(Eigen::Index) const [with Lhs = Eigen::Block<Eigen::Matrix<double, 3, 3>, 2, 2, false>; Rhs = Eigen::Transpose<Eigen::Block<Eigen::Matrix<double, -1, 2>, 1, 2, false> >; int ProductTag = 3]	280	static
../Core/Inc/Eigen/src/Core/AssignEvaluator.h:635:46:void Eigen::internal::generic_dense_assignment_kernel<DstEvaluatorTypeT, SrcEvaluatorTypeT, Functor, Version>::assignCoeff(Eigen::Index) [with DstEvaluatorTypeT = Eigen::internal::evaluator<Eigen::Matrix<double, 2, 1> >; SrcEvaluatorTypeT = Eigen::internal::evaluator<Eigen::Product<Eigen::Block<Eigen::Matrix<double, 3, 3>, 2, 2, false>, Eigen::Transpose<Eigen::Block<Eigen::Matrix<double, -1, 2>, 1, 2, false> >, 1> >; Functor = Eigen::internal::assign_op<double, double>; int Version = 0]	8	static
../Core/Inc/icp.hpp:271:35:Eigen::Matrix<double, -1, 2> computeTransform(Eigen::Matrix<double, -1, 2>, Eigen::Matrix<double, 1, 3>)	600	static
../Core/Inc/Eigen/src/Core/AssignEvaluator.h:635:46:void Eigen::internal::generic_dense_assignment_kernel<DstEvaluatorTypeT, SrcEvaluatorTypeT, Functor, Version>::assignCoeff(Eigen::Index) [with DstEvaluatorTypeT = Eigen::internal::evaluator<Eigen::Matrix<double, 2, 1> >; SrcEvaluatorTypeT = Eigen::internal::evaluator<Eigen::Product<Eigen::Block<Eigen::Matrix<double, 3, 3>, 2, 2, false>, Eigen::Transpose<Eigen::Matrix<double, 1, 2> >, 1> >; Functor = Eigen::internal::sub_assign_op<double, double>; int Version = 0]	240	static
../Core/Inc/Eigen/src/Core/AssignEvaluator.h:780:6:void Eigen::internal::call_assignment(Dst&, const Src&) [with Dst = Eigen::Matrix<double, 1, 2>; Src = Eigen::CwiseBinaryOp<Eigen::internal::scalar_difference_op<double, double>, const Eigen::Transpose<Eigen::Matrix<double, 1, 2> >, const Eigen::Product<Eigen::Block<Eigen::Matrix<double, 3, 3>, 2, 2, false>, Eigen::Transpose<Eigen::Matrix<double, 1, 2> >, 0> >]	160	static
../Core/Inc/Eigen/src/Core/AssignEvaluator.h:635:46:void Eigen::internal::generic_dense_assignment_kernel<DstEvaluatorTypeT, SrcEvaluatorTypeT, Functor, Version>::assignCoeff(Eigen::Index) [with DstEvaluatorTypeT = Eigen::internal::evaluator<Eigen::Transpose<Eigen::Matrix<double, 1, 3> > >; SrcEvaluatorTypeT = Eigen::internal::evaluator<Eigen::Matrix<double, 3, 1> >; Functor = Eigen::internal::assign_op<double, double>; int Version = 0]	12	static
../Core/Inc/Eigen/src/Core/AssignEvaluator.h:493:53:static void Eigen::internal::dense_assignment_loop<Kernel, 1, 0>::run(Kernel&) [with Kernel = Eigen::internal::generic_dense_assignment_kernel<Eigen::internal::evaluator<Eigen::Matrix<double, 3, 1> >, Eigen::internal::evaluator<Eigen::Product<Eigen::Transpose<Eigen::Matrix<double, 240, 3> >, Eigen::Matrix<double, 240, 1>, 1> >, Eigen::internal::assign_op<double, double>, 0>]	48	static
../Core/Inc/Eigen/src/Core/ProductEvaluators.h:1048:22:static void Eigen::internal::transposition_matrix_product<ExpressionType, Side, Transposed, ExpressionShape>::run(Dest&, const TranspositionType&, const ExpressionType&) [with Dest = Eigen::Transpose<Eigen::Matrix<double, 1, 3> >; TranspositionType = Eigen::Transpositions<3, 3, int>; ExpressionType = Eigen::Product<Eigen::Transpose<Eigen::Matrix<double, 240, 3> >, Eigen::Matrix<double, 240, 1>, 0>; int Side = 1; bool Transposed = false; ExpressionShape = Eigen::DenseShape]	136	static
../Core/Inc/Eigen/src/Cholesky/LDLT.h:561:6:void Eigen::LDLT<MatrixType, UpLo>::_solve_impl(const RhsType&, DstType&) const [with RhsType = Eigen::Product<Eigen::Transpose<Eigen::Matrix<double, 240, 3> >, Eigen::Matrix<double, 240, 1>, 0>; DstType = Eigen::Transpose<Eigen::Matrix<double, 1, 3> >; _MatrixType = Eigen::Matrix<double, 3, 3>; int _UpLo = 1]	112	static
../Core/Inc/Eigen/src/Core/AssignEvaluator.h:635:46:void Eigen::internal::generic_dense_assignment_kernel<DstEvaluatorTypeT, SrcEvaluatorTypeT, Functor, Version>::assignCoeff(Eigen::Index) [with DstEvaluatorTypeT = Eigen::internal::evaluator<Eigen::Matrix<double, 3, 3> >; SrcEvaluatorTypeT = Eigen::internal::evaluator<Eigen::CwiseNullaryOp<Eigen::internal::scalar_constant_op<double>, Eigen::Matrix<double, 3, 3> > >; Functor = Eigen::internal::assign_op<double, double>; int Version = 0]	12	static
../Core/Inc/Eigen/src/Core/products/GeneralMatrixMatrix.h:428:15:static void Eigen::internal::generic_product_impl<Lhs, Rhs, Eigen::DenseShape, Eigen::DenseShape, 8>::evalTo(Dst&, const Lhs&, const Rhs&) [with Dst = Eigen::Matrix<double, 3, 3>; Lhs = Eigen::Transpose<Eigen::Matrix<double, 240, 3> >; Rhs = Eigen::Matrix<double, 240, 3>]	72	static
../Core/Inc/Eigen/src/Core/AssignEvaluator.h:780:6:void Eigen::internal::call_assignment(Dst&, const Src&) [with Dst = Eigen::Matrix<double, 3, 3>; Src = Eigen::Product<Eigen::Transpose<Eigen::Matrix<double, 240, 3> >, Eigen::Matrix<double, 240, 3>, 0>]	128	static
../Core/Inc/icp.hpp:339:27:Eigen::Matrix<double, 1, 3> ICP(Eigen::Matrix<double, -1, 2>, Eigen::Matrix<double, -1, 2>, int, double)	8328	static
../CPP/Source/main.cpp:69:6:void mainCPP(float*, float*)	25232	static
../CPP/Source/main.cpp:121:8:float* ICP_main_process_(float*, float*, float*)	25232	static
../CPP/Source/main.cpp:173:1:cpp)	0	static
../CPP/Source/main.cpp:173:1:cpp)	0	static
